src/context/AuthContext.tsx(3,1): error TS6133: 'api' is declared but its value is never read.
src/context/AuthContext.tsx(4,1): error TS6133: 'API_ENDPOINTS' is declared but its value is never read.
src/pages/Analytics.tsx(1,1): error TS6133: 'React' is declared but its value is never read.
src/pages/BlogAnalytics.tsx(1,1): error TS6133: 'useState' is declared but its value is never read.
src/pages/BlogAnalytics.tsx(10,3): error TS6133: 'ArrowUpRight' is declared but its value is never read.
src/pages/BlogAnalytics.tsx(11,3): error TS6133: 'ChevronRight' is declared but its value is never read.
src/pages/BlogAnalytics.tsx(15,3): error TS6133: 'MessageSquare' is declared but its value is never read.
src/pages/BlogAnalytics.tsx(16,3): error TS6133: 'Globe' is declared but its value is never read.
src/pages/BlogAnalytics.tsx(22,9): error TS6133: 'id' is declared but its value is never read.
src/pages/Blogs.tsx(7,3): error TS6133: 'Eye' is declared but its value is never read.
src/pages/CouponDetail.tsx(7,3): error TS6133: 'Clock' is declared but its value is never read.
src/pages/CouponDetail.tsx(11,3): error TS6133: 'TrendingDown' is declared but its value is never read.
src/pages/CouponDetail.tsx(15,1): error TS6133: 'cn' is declared but its value is never read.
src/pages/CouponDetail.tsx(82,9): error TS6133: 'id' is declared but its value is never read.
src/pages/Coupons.tsx(3,3): error TS6133: 'Ticket' is declared but its value is never read.
src/pages/Coupons.tsx(7,3): error TS6133: 'MoreVertical' is declared but its value is never read.
src/pages/CreateBlog.tsx(4,3): error TS6133: 'X' is declared but its value is never read.
src/pages/CreateBlog.tsx(7,3): error TS6133: 'ShoppingBag' is declared but its value is never read.
src/pages/CreateBlog.tsx(12,3): error TS6133: 'Eye' is declared but its value is never read.
src/pages/CreateBlog.tsx(13,3): error TS6133: 'Settings' is declared but its value is never read.
src/pages/CreateBlog.tsx(14,3): error TS6133: 'Layout' is declared but its value is never read.
src/pages/CreateBlog.tsx(15,3): error TS6133: 'Type' is declared but its value is never read.
src/pages/CreateBlog.tsx(18,3): error TS6133: 'AlertCircle' is declared but its value is never read.
src/pages/CreateBlog.tsx(19,3): error TS6133: 'ChevronRight' is declared but its value is never read.
src/pages/Dashboard.tsx(1,1): error TS6133: 'React' is declared but its value is never read.
src/pages/Inquiries.tsx(6,3): error TS6133: 'Eye' is declared but its value is never read.
src/pages/Inquiries.tsx(8,3): error TS6133: 'Trash2' is declared but its value is never read.
src/pages/Inquiries.tsx(14,3): error TS6133: 'MoreVertical' is declared but its value is never read.
src/pages/Login.tsx(1,8): error TS6133: 'React' is declared but its value is never read.
src/pages/Login.tsx(31,24): error TS6133: 'message' is declared but its value is never read.
src/pages/Orders.tsx(1,1): error TS6133: 'React' is declared but its value is never read.
src/pages/Products.tsx(1,8): error TS6133: 'React' is declared but its value is never read.
src/pages/Products.tsx(6,3): error TS6133: 'MoreVertical' is declared but its value is never read.
src/pages/Revenue.tsx(1,1): error TS6133: 'React' is declared but its value is never read.
src/pages/Settings.tsx(8,3): error TS6133: 'Phone' is declared but its value is never read.
src/pages/Settings.tsx(9,3): error TS6133: 'MapPin' is declared but its value is never read.
src/pages/Settings.tsx(15,3): error TS6133: 'ChevronRight' is declared but its value is never read.
src/pages/Shipping.tsx(8,3): error TS6133: 'MoreVertical' is declared but its value is never read.
src/pages/Shipping.tsx(12,3): error TS6133: 'ArrowRight' is declared but its value is never read.
src/pages/SpecificOrderDetail.tsx(80,9): error TS6133: 'orderId' is declared but its value is never read.
